Reusing configuration cache.
> Task :app:preBuild UP-TO-DATE
> Task :app:preDebugBuild UP-TO-DATE
> Task :app:generateDebugResources UP-TO-DATE
> Task :app:packageDebugResources UP-TO-DATE
> Task :app:dataBindingMergeDependencyArtifactsDebug UP-TO-DATE
> Task :app:mergeDebugResources UP-TO-DATE
> Task :app:processDebugNavigationResources UP-TO-DATE
> Task :app:parseDebugLocalResources UP-TO-DATE
> Task :app:generateDebugRFile UP-TO-DATE
> Task :app:dataBindingGenBaseClassesDebug UP-TO-DATE

> Task :app:compileDebugKotlin
w: file:///C:/Users/wolf/StudioProjects/localFly/app/src/main/java/com/example/localfly/PlaybackService.kt:232:54 'constructor(p0: MediaSession): MediaSession.ConnectionResult.AcceptedResultBuilder' is deprecated. Deprecated in Java.
w: file:///C:/Users/wolf/StudioProjects/localFly/app/src/main/java/com/example/localfly/PlaybackService.kt:266:30 'fun onPlayerCommandRequest(p0: MediaSession, p1: MediaSession.ControllerInfo, p2: Int): Int' is deprecated. Deprecated in Java.
w: file:///C:/Users/wolf/StudioProjects/localFly/app/src/main/java/com/example/localfly/PlaybackService.kt:290:14 'fun setIconResId(p0: Int): CommandButton.Builder' is deprecated. Deprecated in Java.
w: file:///C:/Users/wolf/StudioProjects/localFly/app/src/main/java/com/example/localfly/PlaybackService.kt:296:14 'fun setIconResId(p0: Int): CommandButton.Builder' is deprecated. Deprecated in Java.

BUILD SUCCESSFUL in 10s
9 actionable tasks: 1 executed, 8 up-to-date
Configuration cache entry reused.
