Starting a Gradle Daemon, 2 busy and 2 stopped Daemons could not be reused, use --status for details
Reusing configuration cache.
> Task :app:preBuild UP-TO-DATE
> Task :app:preDebugBuild UP-TO-DATE
> Task :app:generateDebugResources UP-TO-DATE
> Task :app:processDebugNavigationResources UP-TO-DATE
> Task :app:dataBindingMergeDependencyArtifactsDebug UP-TO-DATE
The message received from the daemon indicates that the daemon has disappeared.
Build request sent: Build{id=768807a2-7704-44af-a8d1-3ed4999cf7f4, currentDir=C:\Users\wolf\StudioProjects\localFly}
Attempting to read last messages from the daemon log...
Daemon pid: 7180
  log file: C:\Users\wolf\.gradle\daemon\9.6.0\daemon-7180.out.log
----- Last 20 lines from daemon log file - daemon-7180.out.log -----
2026-09-17T21:47:19.719+0200 [DEBUG] [org.gradle.launcher.daemon.server.DefaultDaemonConnection] thread 30: Received non-IO message from client: Build{id=768807a2-7704-44af-a8d1-3ed4999cf7f4, currentDir=C:\Users\wolf\StudioProjects\localFly}
2026-09-17T21:47:19.720+0200 [INFO] [org.gradle.launcher.daemon.server.DefaultIncomingConnectionHandler] Received command: Build{id=768807a2-7704-44af-a8d1-3ed4999cf7f4, currentDir=C:\Users\wolf\StudioProjects\localFly}.
2026-09-17T21:47:19.720+0200 [DEBUG] [org.gradle.launcher.daemon.server.DefaultIncomingConnectionHandler] Starting executing command: Build{id=768807a2-7704-44af-a8d1-3ed4999cf7f4, currentDir=C:\Users\wolf\StudioProjects\localFly} with connection: socket connection from /127.0.0.1:52015 to /127.0.0.1:52016.
2026-09-17T21:47:19.726+0200 [DEBUG] [org.gradle.launcher.daemon.server.DaemonStateCoordinator] Command execution: started DaemonCommandExecution[command = Build{id=768807a2-7704-44af-a8d1-3ed4999cf7f4, currentDir=C:\Users\wolf\StudioProjects\localFly}, connection = DefaultDaemonConnection: socket connection from /127.0.0.1:52015 to /127.0.0.1:52016] after 0.005216666666666666 minutes of idle
2026-09-17T21:47:19.727+0200 [INFO] [org.gradle.launcher.daemon.server.DaemonRegistryUpdater] Marking the daemon as busy, address: [ec8c757d-dd49-481d-83b1-6f95b9740579 port:52015, addresses:[localhost/127.0.0.1]]
2026-09-17T21:47:19.727+0200 [DEBUG] [org.gradle.launcher.daemon.registry.PersistentDaemonRegistry] Marking busy by address: [ec8c757d-dd49-481d-83b1-6f95b9740579 port:52015, addresses:[localhost/127.0.0.1]]
2026-09-17T21:47:19.731+0200 [DEBUG] [org.gradle.cache.internal.DefaultFileLockManager] Waiting to acquire exclusive lock on daemon addresses registry.
2026-09-17T21:47:19.736+0200 [DEBUG] [org.gradle.cache.internal.DefaultFileLockManager] Lock acquired on daemon addresses registry.
2026-09-17T21:47:19.756+0200 [DEBUG] [org.gradle.cache.internal.DefaultFileLockManager] Releasing lock on daemon addresses registry.
2026-09-17T21:47:19.764+0200 [DEBUG] [org.gradle.launcher.daemon.server.DaemonStateCoordinator] resetting idle timer
2026-09-17T21:47:19.764+0200 [DEBUG] [org.gradle.launcher.daemon.server.DaemonStateCoordinator] daemon is running. Sleeping until state changes.
2026-09-17T21:47:19.768+0200 [INFO] [org.gradle.launcher.daemon.server.exec.StartBuildOrRespondWithBusy] Daemon is about to start building Build{id=768807a2-7704-44af-a8d1-3ed4999cf7f4, currentDir=C:\Users\wolf\StudioProjects\localFly}. Dispatching build started information...
2026-09-17T21:47:19.768+0200 [DEBUG] [org.gradle.launcher.daemon.server.SynchronizedDispatchConnection] thread 32: dispatching org.gradle.launcher.daemon.protocol.BuildStarted@61adb8b0
2026-09-17T21:47:19.775+0200 [DEBUG] [org.gradle.launcher.daemon.server.exec.LogToClient] About to start relaying all logs to the client via the connection.
2026-09-17T21:47:19.775+0200 [INFO] [org.gradle.launcher.daemon.server.exec.LogToClient] The client will now receive all logging from the daemon (pid: 7180). The daemon log file: C:\Users\wolf\.gradle\daemon\9.6.0\daemon-7180.out.log
2026-09-17T21:47:19.778+0200 [DEBUG] [org.gradle.launcher.daemon.server.exec.ApplyClientEnvironmentVariables] Configuring env variables: [USERDOMAIN_ROAMINGPROFILE, INSTALL_DIR, PROCESSOR_LEVEL, SynaProgDir, HOST_BRIDGE_ADDRESS, SESSIONNAME, ALLUSERSPROFILE, PROCESSOR_ARCHITECTURE, PSModulePath, SystemDrive, DIRNAME, USERNAME, ProgramFiles(x86), CLINE_DIR, FPS_BROWSER_USER_PROFILE_STRING, APP_HOME, DEFAULT_JVM_OPTS, PATHEXT, SHELL, DriverData, OneDriveConsumer, ProgramData, ProgramW6432, HOMEPATH, PROCESSOR_IDENTIFIER, ProgramFiles, PUBLIC, windir, ZES_ENABLE_SYSMAN, LOCALAPPDATA, USERDOMAIN, FPS_BROWSER_APP_PROFILE_STRING, LOGONSERVER, JAVA_HOME, PROMPT, OneDrive, =C:, APPDATA, JAVA_EXE, NODE_EXTRA_CA_CERTS, CommonProgramFiles, Path, OS, CLINE_CORE_INSTANCE_ID, COMPUTERNAME, CLINE_ROLLOUT_VARIANT, PROCESSOR_REVISION, CommonProgramW6432, ComSpec, APP_BASE_NAME, SystemRoot, TEMP, HOMEDRIVE, USERPROFILE, TMP, CommonProgramFiles(x86), NUMBER_OF_PROCESSORS]
2026-09-17T21:47:19.796+0200 [INFO] [org.gradle.launcher.daemon.server.exec.LogAndCheckHealth] Starting build in new daemon [memory: 2 GiB]
2026-09-17T21:47:19.807+0200 [DEBUG] [org.gradle.launcher.daemon.server.exec.ExecuteBuild] The daemon has started executing the build.
2026-09-17T21:47:19.808+0200 [DEBUG] [org.gradle.launcher.daemon.server.exec.ExecuteBuild] Executing build with daemon context: DefaultDaemonContext[uid=d7472038-6263-49f7-a03b-f56eb6b08acd,javaHome=C:\Users\wolf\.gradle\jdks\eclipse_adoptium-21-amd64-windows.2,javaVersion=21,javaVendor=Eclipse Adoptium,daemonRegistryDir=C:\Users\wolf\.gradle\daemon,pid=7180,idleTimeout=10800000,priority=NORMAL,applyInstrumentationAgent=true,nativeServicesMode=ENABLED,daemonOpts=-Xmx2048m,-Dfile.encoding=UTF-8,-Duser.country=ES,-Duser.language=es,-Duser.variant]
Reusing configuration cache.----- End of the daemon log -----


FAILURE: Build failed with an exception.

* What went wrong:
Gradle build daemon disappeared unexpectedly (it may have been killed or may have crashed)

* Try:
> Run with --info or --debug option to get more log output.
> Run with --scan to get full insights from a Build Scan (powered by Develocity).
> Get more help at https://help.gradle.org.

* Exception is:
org.gradle.launcher.daemon.client.DaemonDisappearedException: Gradle build daemon disappeared unexpectedly (it may have been killed or may have crashed)
	at org.gradle.launcher.daemon.client.DaemonClient.handleDaemonDisappearance(DaemonClient.java:283)
	at org.gradle.launcher.daemon.client.DaemonClient.monitorBuild(DaemonClient.java:256)
	at org.gradle.launcher.daemon.client.DaemonClient.executeBuild(DaemonClient.java:209)
	at org.gradle.launcher.daemon.client.DaemonClient.execute(DaemonClient.java:172)
	at org.gradle.launcher.daemon.client.DaemonClient.execute(DaemonClient.java:97)
	at org.gradle.launcher.cli.RunBuildAction.run(RunBuildAction.java:56)
	at org.gradle.internal.Actions$RunnableActionAdapter.execute(Actions.java:167)
	at org.gradle.launcher.cli.DefaultCommandLineActionFactory$ParseAndBuildAction.execute(DefaultCommandLineActionFactory.java:276)
	at org.gradle.launcher.cli.DefaultCommandLineActionFactory$ParseAndBuildAction.execute(DefaultCommandLineActionFactory.java:240)
	at org.gradle.launcher.cli.DebugLoggerWarningAction.execute(DebugLoggerWarningAction.java:74)
	at org.gradle.launcher.cli.DebugLoggerWarningAction.execute(DebugLoggerWarningAction.java:30)
	at org.gradle.launcher.cli.WelcomeMessageAction.execute(WelcomeMessageAction.java:97)
	at org.gradle.launcher.cli.WelcomeMessageAction.execute(WelcomeMessageAction.java:40)
	at org.gradle.launcher.cli.NativeServicesInitializingAction.execute(NativeServicesInitializingAction.java:50)
	at org.gradle.launcher.cli.NativeServicesInitializingAction.execute(NativeServicesInitializingAction.java:27)
	at org.gradle.launcher.cli.ExceptionReportingAction.execute(ExceptionReportingAction.java:41)
	at org.gradle.launcher.cli.ExceptionReportingAction.execute(ExceptionReportingAction.java:26)
	at org.gradle.launcher.cli.DefaultCommandLineActionFactory$WithLogging.execute(DefaultCommandLineActionFactory.java:389)
	at org.gradle.launcher.Main.doAction(Main.java:35)
	at org.gradle.launcher.bootstrap.EntryPoint.run(EntryPoint.java:53)
	at java.base/jdk.internal.reflect.DirectMethodHandleAccessor.invoke(Unknown Source)
	at java.base/java.lang.reflect.Method.invoke(Unknown Source)
	at org.gradle.launcher.bootstrap.ProcessBootstrap.runNoExit(ProcessBootstrap.java:72)
	at org.gradle.launcher.bootstrap.ProcessBootstrap.run(ProcessBootstrap.java:39)
	at org.gradle.launcher.GradleMain.main(GradleMain.java:26)
	at java.base/jdk.internal.reflect.DirectMethodHandleAccessor.invoke(Unknown Source)
	at java.base/java.lang.reflect.Method.invoke(Unknown Source)
	at org.gradle.wrapper.GradleWrapperMain.main(SourceFile:70)

> Task :app:mergeDebugResources
> Task :app:packageDebugResources
