INFO         | Android emulator version 37.1.11.0 (build_id 15917651) (CL:N/A)
INFO         | Graphics backend: gfxstream
INFO         | Found systemPath C:\Users\wolf\AppData\Local\Android\Sdk\system-images\android-33\google_apis_playstore\x86_64\
INFO         | IPv4 server found: 100.100.1.1
INFO         | Ignore IPv6 address: 60d8:63e2:3902:0:60d8:63e2:3902:0
INFO         | Ignore IPv6 address: 60d8:63e2:3902:0:60d8:63e2:3902:0
INFO         | Ignore IPv6 address: 60d8:63e2:3902:0:60d8:63e2:3902:0
INFO         | Ignore IPv6 address: 88de:63e2:3902:0:60d8:63e2:3902:0
INFO         | Ignore IPv6 address: 88de:63e2:3902:0:60d8:63e2:3902:0
INFO         | Ignore IPv6 address: 88de:63e2:3902:0:60d8:63e2:3902:0
INFO         | Ignore IPv6 address: 20e5:63e2:3902:0:60d8:63e2:3902:0
INFO         | Ignore IPv6 address: 20e5:63e2:3902:0:60d8:63e2:3902:0
INFO         | Ignore IPv6 address: 20e5:63e2:3902:0:60d8:63e2:3902:0
INFO         | Ignore IPv6 address: c0eb:63e2:3902:0:60d8:63e2:3902:0
INFO         | Ignore IPv6 address: 98f3:63e2:3902:0:60d8:63e2:3902:0
INFO         | Ignore IPv6 address: 98f3:63e2:3902:0:60d8:63e2:3902:0
INFO         | Ignore IPv6 address: 98f3:63e2:3902:0:60d8:63e2:3902:0
INFO         | Ignore IPv6 address: b0f9:63e2:3902:0:60d8:63e2:3902:0
INFO         | Ignore IPv6 address: b0f9:63e2:3902:0:60d8:63e2:3902:0
INFO         | Ignore IPv6 address: b0f9:63e2:3902:0:60d8:63e2:3902:0
INFO         | Guest GLES Driver: Auto (ext controls)
INFO         | GPU mode control feature flag 'ForceSwiftshader' is set
INFO         | GPU mode selection will be done based on user provided feature flags
INFO         | emuglConfig_init: vulkan_mode_selected:swiftshader gles_mode_selected:swiftshader
INFO         | Checking system compatibility:
INFO         |   Checking: hasCompatibleHypervisor
INFO         |      Ok: Hypervisor compatibility to run avd: `Pixel_7` are met
INFO         |   Checking: hasSufficientSystem
INFO         |      Ok: System requirements to run avd: `Pixel_7` are met
INFO         |   Checking: hasSufficientHwGpu
INFO         |      Ok: Hardware GPU compatibility checks are not required
INFO         |   Checking: hasSufficientDiskSpace
INFO         |      Ok: Disk space requirements to run avd: `Pixel_7` are met
ERROR        | x86_64 emulation currently requires hardware acceleration!
CPU acceleration status: Android Emulator hypervisor driver is not installed on this machine
More info on configuring VM acceleration on Windows:
https://developer.android.com/studio/run/emulator-acceleration#vm-windows
General information on acceleration: https://developer.android.com/studio/run/emulator-acceleration.

