Starting a Gradle Daemon, 4 busy and 2 stopped Daemons could not be reused, use --status for details
Reusing configuration cache.
> Task :app:preBuild UP-TO-DATE
> Task :app:preDebugBuild UP-TO-DATE
> Task :app:dataBindingMergeDependencyArtifactsDebug UP-TO-DATE
> Task :app:generateDebugResources UP-TO-DATE
> Task :app:mergeDebugResources
> Task :app:packageDebugResources
> Task :app:processDebugNavigationResources UP-TO-DATE
> Task :app:parseDebugLocalResources
> Task :app:dataBindingGenBaseClassesDebug
> Task :app:generateDebugRFile
> Task :app:compileDebugKotlin
e: file:///C:/Users/wolf/StudioProjects/localFly/app/src/main/java/com/example/localfly/karaoke/KaraokeLyricsServer.kt:69:21 Unresolved reference 'handleClient'.
e: file:///C:/Users/wolf/StudioProjects/localFly/app/src/main/java/com/example/localfly/karaoke/KaraokeLyricsServer.kt:90:18 Unresolved reference 'localIp'.
e: file:///C:/Users/wolf/StudioProjects/localFly/app/src/main/java/com/example/localfly/karaoke/KaraokeLyricsServer.kt:92:6 Syntax error: Missing '}.

> Task :app:compileDebugKotlin FAILED

FAILURE: Build failed with an exception.

* What went wrong:
Execution failed for task ':app:compileDebugKotlin' (registered by plugin 'com.android.internal.application').
> A failure occurred while executing org.jetbrains.kotlin.compilerRunner.GradleCompilerRunnerWithWorkers$GradleKotlinCompilerWorkAction
   > Compilation error. See log for more details

* Try:
> Run with --stacktrace option to get the stack trace.
> Run with --info or --debug option to get more log output.
> Run with --scan to get full insights from a Build Scan (powered by Develocity).
> Get more help at https://help.gradle.org.

BUILD FAILED in 2m 27s
9 actionable tasks: 6 executed, 3 up-to-date
Configuration cache entry reused.
